ddr=00031af8 vaddr=40085c30 size=06cd0h (ï¿½ets Jul 29 2019 12:21:46

rst:0x1 (POWERON_RESET),boot:0x1b (SPI_FAST_FLASH_BOOT)
configsip: 0, SPIWP:0xee
clk_drv:0x00,q_drv:0x00,d_drv:0x00,cs0_drv:0x00,hd_drv:0x00,wp_drv:0x00
mode:DIO, clock div:2
load:0x3fff0030,len:6284
ho 0 tail 12 room 4
load:0x40078000,len:15780
load:0x40080400,len:3860
entry 0x40080638
[0;32mI (29) boot: ESP-IDF v5.5-dev-847-gcb3ac7429c-dirty 2nd stage bootloader[0m
[0;32mI (29) boot: compile time Dec 30 2024 20:36:16[0m
[0;32mI (29) boot: Multicore bootloader[0m
[0;32mI (33) boot: chip revision: v3.1[0m
[0;32mI (35) boot.esp32: SPI Speed      : 40MHz[0m
[0;32mI (39) boot.esp32: SPI Mode       : DIO[0m
[0;32mI (43) boot.esp32: SPI Flash Size : 2MB[0m
[0;32mI (46) boot: Enabling RNG early entropy source...[0m
[0;32mI (51) boot: Partition Table:[0m
[0;32mI (53) boot: ## Label            Usage          Type ST Offset   Length[0m
[0;32mI (60) boot:  0 nvs              WiFi data        01 02 00009000 00006000[0m
[0;32mI (66) boot:  1 phy_init         RF data          01 01 0000f000 00001000[0m
[0;32mI (73) boot:  2 factory          factory app      00 00 00010000 00100000[0m
[0;32mI (79) boot: End of partition table[0m
[0;32mI (83) esp_image: segment 0: paddr=00010020 vaddr=3f400020 size=08168h ( 33128) map[0m
[0;32mI (101) esp_image: segment 1: paddr=00018190 vaddr=3ff80000 size=0001ch (    28) load[0m
[0;32mI (102) esp_image: segment 2: paddr=000181b4 vaddr=3ffb0000 size=0222ch (  8748) load[0m
[0;32mI (110) esp_image: segment 3: paddr=0001a3e8 vaddr=40080000 size=05c30h ( 23600) load[0m
[0;32mI (124) esp_image: segment 4: paddr=00020020 vaddr=400d0020 size=11ad0h ( 72400) map[0m
[0;32mI (149) esp_image: segment 5: paddr=00031af8 vaddr=40085c30 size=06cd0h ( 27856) load[0m
[0;32mI (166) boot: Loaded app from partition at offset 0x10000[0m
[0;32mI (166) boot: Disabling RNG early entropy source...[0m
[0;32mI (177) cpu_start: Multicore app[0m
[0;32mI (185) cpu_start: Pro cpu start user code[0m
[0;32mI (185) cpu_start: cpu freq: 160000000 Hz[0m
[0;32mI (185) app_init: Application information:[0m
[0;32mI (185) app_init: Project name:     blink[0m
[0;32mI (189) app_init: App version:      586d667-dirty[0m
[0;32mI (193) app_init: Compile time:     Jan  2 2025 19:25:26[0m
[0;32mI (198) app_init: ELF file SHA256:  d8aac2008...[0m
[0;32mI (203) app_init: ESP-IDF:          v5.5-dev-847-gcb3ac7429c-dirty[0m
[0;32mI (209) efuse_init: Min chip rev:     v0.0[0m
[0;32mI (212) efuse_init: Max chip rev:     v3.99 [0m
[0;32mI (216) efuse_init: Chip rev:         v3.1[0m
[0;32mI (221) heap_init: Initializing. RAM available for dynamic allocation:[0m
[0;32mI (227) heap_init: At 3FFAE6E0 len 00001920 (6 KiB): DRAM[0m
[0;32mI (232) heap_init: At 3FFB32A0 len 0002CD60 (179 KiB): DRAM[0m
[0;32mI (237) heap_init: At 3FFE0440 len 00003AE0 (14 KiB): D/IRAM[0m
[0;32mI (242) heap_init: At 3FFE4350 len 0001BCB0 (111 KiB): D/IRAM[0m
[0;32mI (248) heap_init: At 4008C900 len 00013700 (77 KiB): IRAM[0m
[0;32mI (254) spi_flash: detected chip: generic[0m
[0;32mI (257) spi_flash: flash io: dio[0m
[0;33mW (260) spi_flash: Detected size(4096k) larger than the size in the binary image header(2048k). Using the size in the binary image header.[0m
[0;33mW (272) timer_group: legacy driver is deprecated, please migrate to `driver/gptimer.h`[0m
[0;32mI (280) main_task: Started on CPU0[0m
[0;32mI (290) main_task: Calling app_main()[0m
[0;32mI (290) debug: CONSTRUCTOR[0m
[0;32mI (290) gpio: GPIO[13]| InputEn: 0| OutputEn: 1| OpenDrain: 0| Pullup: 0| Pulldown: 1| Intr:0 [0m
[0;32mI (290) gpio: GPIO[15]| InputEn: 0| OutputEn: 1| OpenDrain: 0| Pullup: 0| Pulldown: 1| Intr:0 [0m
[0;32mI (300) gpio: GPIO[21]| InputEn: 0| OutputEn: 1| OpenDrain: 0| Pullup: 0| Pulldown: 1| Intr:0 [0m
[0;32mI (310) gpio: GPIO[33]| InputEn: 0| OutputEn: 1| OpenDrain: 0| Pullup: 0| Pulldown: 1| Intr:0 [0m
[0;32mI (320) gpio: GPIO[18]| InputEn: 1| OutputEn: 0| OpenDrain: 0| Pullup: 0| Pulldown: 1| Intr:0 [0m
[0;32mI (330) gpio: GPIO[22]| InputEn: 1| OutputEn: 0| OpenDrain: 0| Pullup: 0| Pulldown: 1| Intr:0 [0m
[0;32mI (330) gpio: GPIO[23]| InputEn: 1| OutputEn: 0| OpenDrain: 0| Pullup: 0| Pulldown: 1| Intr:0 [0m
[0;32mI (340) gpio: GPIO[25]| InputEn: 1| OutputEn: 0| OpenDrain: 0| Pullup: 0| Pulldown: 1| Intr:0 [0m
[0;32mI (350) gpio: GPIO[21]| InputEn: 0| OutputEn: 0| OpenDrain: 0| Pullup: 1| Pulldown: 0| Intr:0 [0m
[0;32mI (360) gpio: GPIO[22]| InputEn: 0| OutputEn: 0| OpenDrain: 0| Pullup: 1| Pulldown: 0| Intr:0 [0m
[0;32mI (370) gpio: GPIO[33]| InputEn: 0| OutputEn: 0| OpenDrain: 0| Pullup: 1| Pulldown: 0| Intr:0 [0m
[0;32mI (380) gpio: GPIO[25]| InputEn: 0| OutputEn: 0| OpenDrain: 0| Pullup: 1| Pulldown: 0| Intr:0 [0m
[0;32mI (380) gpio: GPIO[13]| InputEn: 0| OutputEn: 0| OpenDrain: 0| Pullup: 1| Pulldown: 0| Intr:0 [0m
[0;32mI (390) gpio: GPIO[23]| InputEn: 0| OutputEn: 0| OpenDrain: 0| Pullup: 1| Pulldown: 0| Intr:0 [0m
[0;32mI (400) gpio: GPIO[15]| InputEn: 0| OutputEn: 0| OpenDrain: 0| Pullup: 1| Pulldown: 0| Intr:0 [0m
[0;32mI (410) gpio: GPIO[18]| InputEn: 0| OutputEn: 0| OpenDrain: 0| Pullup: 1| Pulldown: 0| Intr:0 [0m
[0;32mI (420) debug: LED ON[0m
[0;32mI (920) debug: LED OFF[0m
[0;32mI (1170) debug: index:	0[0m
[0;32mI (1170) debug: LED ON[0m
[0;32mI (1670) debug: LED OFF[0m
[0;32mI (1920) debug: index:	0[0m
[0;32mI (1920) debug: LED ON[0m
[0;32mI (2420) debug: LED OFF[0m
[0;32mI (2670) debug: index:	0[0m
[0;32mI (2670) debug: LED ON[0m
[0;32mI (3170) debug: LED OFF[0m
[0;32mI (3420) debug: index:	0[0m
[0;32mI (3420) debug: LED ON[0m
[0;32mI (3920) debug: LED OFF[0m
[0;32mI (4170) debug: index:	0[0m
[0;32mI (4170) debug: LED ON[0m
[0;32mI (4670) debug: LED OFF[0m
[0;32mI (4920) debug: index:	0[0m
[0;32mI (4920) debug: LED ON[0m
[0;32mI (5420) debug: LED OFF[0m
[0;32mI (5670) debug: index:	0[0m
[0;32mI (5670) debug: LED ON[0m
[0;32mI (6170) debug: LED OFF[0m
[0;32mI (6420) debug: index:	0[0m
[0;32mI (6420) debug: LED ON[0m
[0;32mI (6920) debug: LED OFF[0m
[0;32mI (7170) debug: index:	0[0m
[0;32mI (7170) debug: LED ON[0m
[0;32mI (7670) debug: LED OFF[0m
[0;32mI (7920) debug: index:	0[0m
[0;32mI (7920) debug: LED ON[0m
[0;32mI (8420) debug: LED OFF[0m
[0;32mI (8670) debug: index:	0[0m
[0;32mI (8670) debug: LED ON[0m
[0;32mI (9170) debug: LED OFF[0m
[0;32mI (9420) debug: index:	0[0m
[0;32mI (9420) debug: LED ON[0m
[0;32mI (9920) debug: LED OFF[0m
[0;32mI (10170) debug: index:	0[0m
[0;32mI (10170) debug: LED ON[0m
[0;32mI (10670) debug: LED OFF[0m
[0;32mI (10920) debug: index:	0[0m
[0;32mI (10920) debug: LED ON[0m
[0;32mI (11420) debug: LED OFF[0m
[0;32mI (11670) debug: index:	0[0m
[0;32mI (11670) debug: LED ON[0m
[0;32mI (12170) debug: LED OFF[0m
[0;32mI (12420) debug: index:	0[0m
[0;32mI (12420) debug: LED ON[0m
[0;32mI (12920) debug: LED OFF[0m
[0;32mI (13170) debug: index:	0[0m
[0;32mI (13170) debug: LED ON[0m
[0;32mI (13670) debug: LED OFF[0m
[0;32mI (13920) debug: index:	0[0m
[0;32mI (13920) debug: LED ON[0m
[0;32mI (14420) debug: LED OFF[0m
[0;32mI (14670) debug: index:	0[0m
[0;32mI (14670) debug: LED ON[0m
[0;32mI (15170) debug: LED OFF[0m
[0;32mI (15420) debug: index:	0[0m
[0;32mI (15420) debug: LED ON[0m
[0;32mI (15920) debug: LED OFF[0m
[0;32mI (16170) debug: index:	0[0m
[0;32mI (16170) debug: LED ON[0m
[0;32mI (16670) debug: LED OFF[0m
[0;32mI (16920) debug: index:	0[0m
[0;32mI (16920) debug: LED ON[0m
[0;32mI (17420) debug: LED OFF[0m
[0;32mI (17670) debug: index:	0[0m
[0;32mI (17670) debug: LED ON[0m
[0;32mI (18170) debug: LED OFF[0m
[0;32mI (18420) debug: index:	0[0m
[0;32mI (18420) debug: LED ON[0m
[0;32mI (18920) debug: LED OFF[0m
[0;32mI (19170) debug: index:	0[0m
[0;32mI (19170) debug: LED ON[0m
[0;32mI (19670) debug: LED OFF[0m
[0;32mI (19920) debug: index:	0[0m
[0;32mI (19920) debug: LED ON[0m
[0;32mI (20420) debug: LED OFF[0m
[0;32mI (20670) debug: index:	0[0m
[0;32mI (20670) debug: LED ON[0m
[0;32mI (21170) debug: LED OFF[0m
[0;32mI (21420) debug: index:	0[0m
[0;32mI (21420) debug: LED ON[0m
[0;32mI (21920) debug: LED OFF[0m
[0;32mI (22170) debug: index:	0[0m
[0;32mI (22170) debug: LED ON[0m
[0;32mI (22670) debug: LED OFF[0m
[0;32mI (22920) debug: index:	0[0m
[0;32mI (22920) debug: LED ON[0m
[0;32mI (23420) debug: LED OFF[0m
[0;32mI (23670) debug: index:	0[0m
[0;32mI (23670) debug: LED ON[0m
[0;32mI (24170) debug: LED OFF[0m
[0;32mI (24420) debug: index:	0[0m
[0;32mI (24420) debug: LED ON[0m
[0;32mI (24920) debug: LED OFF[0m
[0;32mI (25170) debug: index:	0[0m
[0;32mI (25170) debug: LED ON[0m
[0;32mI (25670) debug: LED OFF[0m
[0;32mI (25920) debug: index:	0[0m
[0;32mI (25920) debug: LED ON[0m
[0;32mI (26420) debug: LED OFF[0m
[0;32mI (26670) debug: index:	0[0m
[0;32mI (26670) debug: LED ON[0m
[0;32mI (27170) debug: LED OFF[0m
[0;32mI (27420) debug: index:	0[0m
[0;32mI (27420) debug: LED ON[0m
[0;32mI (27920) debug: LED OFF[0m
[0;32mI (28170) debug: index:	0[0m
[0;32mI (28170) debug: LED ON[0m
[0;32mI (28670) debug: LED OFF[0m
[0;32mI (28920) debug: index:	0[0m
[0;32mI (28920) debug: LED ON[0m
[0;32mI (29420) debug: LED OFF[0m
[0;32mI (29670) debug: index:	0[0m
[0;32mI (29670) debug: LED ON[0m
[0;32mI (30170) debug: LED OFF[0m
[0;32mI (30420) debug: index:	0[0m
[0;32mI (30420) debug: LED ON[0m
[0;32mI (30920) debug: LED OFF[0m
[0;32mI (31170) debug: index:	0[0m
[0;32mI (31170) debug: LED ON[0m
[0;32mI (31670) debug: LED OFF[0m
[0;32mI (31920) debug: index:	0[0m
[0;32mI (31920) debug: LED ON[0m
[0;32mI (32420) debug: LED OFF[0m
[0;32mI (32670) debug: index:	0[0m
[0;32mI (32670) debug: LED ON[0m
[0;32mI (33170) debug: LED OFF[0m
[0;32mI (33420) debug: index:	0[0m
[0;32mI (33420) debug: LED ON[0m
[0;32mI (33920) debug: LED OFF[0m
[0;32mI (34170) debug: index:	0[0m
[0;32mI (34170) debug: LED ON[0m
