ddr=00030ed8 vaddr=400860d4 size=067e8h ( 26600) lï¿½ets Jul 29 2019 12:21:46

rst:0x1 (POWERON_RESET),boot:0x1b (SPI_FAST_FLASH_BOOT)
configsip: 0, SPIWP:0xee
clk_drv:0x00,q_drv:0x00,d_drv:0x00,cs0_drv:0x00,hd_drv:0x00,wp_drv:0x00
mode:DIO, clock div:2
load:0x3fff0030,len:6284
ho 0 tail 12 room 4
load:0x40078000,len:15780
load:0x40080400,len:3860
entry 0x40080638
[0;32mI (29) boot: ESP-IDF v5.5-dev-847-gcb3ac7429c-dirty 2nd stage bootloader[0m
[0;32mI (29) boot: compile time Dec 30 2024 20:36:16[0m
[0;32mI (29) boot: Multicore bootloader[0m
[0;32mI (33) boot: chip revision: v3.1[0m
[0;32mI (35) boot.esp32: SPI Speed      : 40MHz[0m
[0;32mI (39) boot.esp32: SPI Mode       : DIO[0m
[0;32mI (43) boot.esp32: SPI Flash Size : 2MB[0m
[0;32mI (46) boot: Enabling RNG early entropy source...[0m
[0;32mI (51) boot: Partition Table:[0m
[0;32mI (53) boot: ## Label            Usage          Type ST Offset   Length[0m
[0;32mI (60) boot:  0 nvs              WiFi data        01 02 00009000 00006000[0m
[0;32mI (66) boot:  1 phy_init         RF data          01 01 0000f000 00001000[0m
[0;32mI (73) boot:  2 factory          factory app      00 00 00010000 00100000[0m
[0;32mI (79) boot: End of partition table[0m
[0;32mI (83) esp_image: segment 0: paddr=00010020 vaddr=3f400020 size=07d04h ( 32004) map[0m
[0;32mI (101) esp_image: segment 1: paddr=00017d2c vaddr=3ff80000 size=0001ch (    28) load[0m
[0;32mI (101) esp_image: segment 2: paddr=00017d50 vaddr=3ffb0000 size=021ech (  8684) load[0m
[0;32mI (108) esp_image: segment 3: paddr=00019f44 vaddr=40080000 size=060d4h ( 24788) load[0m
[0;32mI (122) esp_image: segment 4: paddr=00020020 vaddr=400d0020 size=10eb0h ( 69296) map[0m
[0;32mI (146) esp_image: segment 5: paddr=00030ed8 vaddr=400860d4 size=067e8h ( 26600) load[0m
[0;32mI (163) boot: Loaded app from partition at offset 0x10000[0m
[0;32mI (163) boot: Disabling RNG early entropy source...[0m
[0;32mI (173) cpu_start: Multicore app[0m
[0;32mI (182) cpu_start: Pro cpu start user code[0m
[0;32mI (182) cpu_start: cpu freq: 160000000 Hz[0m
[0;32mI (182) app_init: Application information:[0m
[0;32mI (182) app_init: Project name:     blink[0m
[0;32mI (186) app_init: App version:      1[0m
[0;32mI (189) app_init: Compile time:     Dec 30 2024 20:36:12[0m
[0;32mI (194) app_init: ELF file SHA256:  b5f5cbc80...[0m
[0;32mI (198) app_init: ESP-IDF:          v5.5-dev-847-gcb3ac7429c-dirty[0m
[0;32mI (204) efuse_init: Min chip rev:     v0.0[0m
[0;32mI (208) efuse_init: Max chip rev:     v3.99 [0m
[0;32mI (212) efuse_init: Chip rev:         v3.1[0m
[0;32mI (216) heap_init: Initializing. RAM available for dynamic allocation:[0m
[0;32mI (222) heap_init: At 3FFAE6E0 len 00001920 (6 KiB): DRAM[0m
[0;32mI (227) heap_init: At 3FFB2A48 len 0002D5B8 (181 KiB): DRAM[0m
[0;32mI (233) heap_init: At 3FFE0440 len 00003AE0 (14 KiB): D/IRAM[0m
[0;32mI (238) heap_init: At 3FFE4350 len 0001BCB0 (111 KiB): D/IRAM[0m
[0;32mI (244) heap_init: At 4008C8BC len 00013744 (77 KiB): IRAM[0m
[0;32mI (250) spi_flash: detected chip: generic[0m
[0;32mI (252) spi_flash: flash io: dio[0m
[0;33mW (255) spi_flash: Detected size(4096k) larger than the size in the binary image header(2048k). Using the size in the binary image header.[0m
[0;32mI (268) main_task: Started on CPU0[0m
[0;32mI (278) main_task: Calling app_main()[0m
[0;32mI (278) debug: CONSTRUCTOR[0m
[0;32mI (278) gpio: GPIO[21]| InputEn: 0| OutputEn: 0| OpenDrain: 0| Pullup: 1| Pulldown: 0| Intr:0 [0m
[0;32mI (278) gpio: GPIO[22]| InputEn: 0| OutputEn: 0| OpenDrain: 0| Pullup: 1| Pulldown: 0| Intr:0 [0m
[0;32mI (288) gpio: GPIO[32]| InputEn: 0| OutputEn: 0| OpenDrain: 0| Pullup: 1| Pulldown: 0| Intr:0 [0m
[0;32mI (298) gpio: GPIO[25]| InputEn: 0| OutputEn: 0| OpenDrain: 0| Pullup: 1| Pulldown: 0| Intr:0 [0m
[0;32mI (308) gpio: GPIO[15]| InputEn: 0| OutputEn: 0| OpenDrain: 0| Pullup: 1| Pulldown: 0| Intr:0 [0m
[0;32mI (308) gpio: GPIO[23]| InputEn: 0| OutputEn: 0| OpenDrain: 0| Pullup: 1| Pulldown: 0| Intr:0 [0m
[0;32mI (318) gpio: GPIO[19]| InputEn: 0| OutputEn: 0| OpenDrain: 0| Pullup: 1| Pulldown: 0| Intr:0 [0m
[0;32mI (328) gpio: GPIO[34]| InputEn: 0| OutputEn: 0| OpenDrain: 0| Pullup: 1| Pulldown: 0| Intr:0 [0m
Hello, World
[0;32mI (338) debug: LED_i: -1[0m
[0;32mI (668) debug: LED_i: -1[0m
[0;32mI (998) debug: LED_i: 3[0m
[0;32mI (998) debug: LED ON[0m
[0;32mI (1328) debug: LED OFF[0m
[0;32mI (1658) debug: LED_i: 3[0m
[0;32mI (1658) debug: LED ON[0m
[0;32mI (1988) debug: LED OFF[0m
[0;32mI (2318) debug: LED_i: 3[0m
[0;32mI (2318) debug: LED ON[0m
[0;32mI (2648) debug: LED OFF[0m
[0;32mI (2978) debug: LED_i: 3[0m
[0;32mI (2978) debug: LED ON[0m
[0;32mI (3308) debug: LED OFF[0m
[0;32mI (3638) debug: LED_i: -1[0m
[0;32mI (3968) debug: LED_i: 3[0m
[0;32mI (3968) debug: LED ON[0m
[0;32mI (4298) debug: LED OFF[0m
[0;32mI (4628) debug: LED_i: 3[0m
[0;32mI (4628) debug: LED ON[0m
[0;32mI (4958) debug: LED OFF[0m
[0;32mI (5288) debug: LED_i: 3[0m
[0;32mI (5288) debug: LED ON[0m
[0;32mI (5618) debug: LED OFF[0m
[0;32mI (5948) debug: LED_i: 3[0m
[0;32mI (5948) debug: LED ON[0m
[0;32mI (6278) debug: LED OFF[0m
[0;32mI (6608) debug: LED_i: 3[0m
[0;32mI (6608) debug: LED ON[0m
[0;32mI (6938) debug: LED OFF[0m
[0;32mI (7268) debug: LED_i: 3[0m
[0;32mI (7268) debug: LED ON[0m
[0;32mI (7598) debug: LED OFF[0m
[0;32mI (7928) debug: LED_i: 3[0m
[0;32mI (7928) debug: LED ON[0m
[0;32mI (8258) debug: LED OFF[0m
[0;32mI (8588) debug: LED_i: 3[0m
[0;32mI (8588) debug: LED ON[0m
[0;32mI (8918) debug: LED OFF[0m
[0;32mI (9248) debug: LED_i: 3[0m
[0;32mI (9248) debug: LED ON[0m
[0;32mI (9578) debug: LED OFF[0m
[0;32mI (9908) debug: LED_i: 3[0m
[0;32mI (9908) debug: LED ON[0m
[0;32mI (10238) debug: LED OFF[0m
[0;32mI (10568) debug: LED_i: 3[0m
[0;32mI (10568) debug: LED ON[0m
[0;32mI (10898) debug: LED OFF[0m
[0;32mI (11228) debug: LED_i: 3[0m
[0;32mI (11228) debug: LED ON[0m
[0;32mI (11558) debug: LED OFF[0m
[0;32mI (11888) debug: LED_i: 3[0m
[0;32mI (11888) debug: LED ON[0m
[0;32mI (12218) debug: LED OFF[0m
[0;32mI (12548) debug: LED_i: 3[0m
[0;32mI (12548) debug: LED ON[0m
[0;32mI (12878) debug: LED OFF[0m
[0;32mI (13208) debug: LED_i: -1[0m
[0;32mI (13538) debug: LED_i: 3[0m
[0;32mI (13538) debug: LED ON[0m
[0;32mI (13868) debug: LED OFF[0m
[0;32mI (14198) debug: LED_i: 3[0m
[0;32mI (14198) debug: LED ON[0m
[0;32mI (14528) debug: LED OFF[0m
[0;32mI (14858) debug: LED_i: 3[0m
[0;32mI (14858) debug: LED ON[0m
[0;32mI (15188) debug: LED OFF[0m
[0;32mI (15518) debug: LED_i: 3[0m
[0;32mI (15518) debug: LED ON[0m
[0;32mI (15848) debug: LED OFF[0m
[0;32mI (16178) debug: LED_i: 3[0m
[0;32mI (16178) debug: LED ON[0m
[0;32mI (16508) debug: LED OFF[0m
[0;32mI (16838) debug: LED_i: 3[0m
[0;32mI (16838) debug: LED ON[0m
[0;32mI (17168) debug: LED OFF[0m
[0;32mI (17498) debug: LED_i: 3[0m
[0;32mI (17498) debug: LED ON[0m
[0;32mI (17828) debug: LED OFF[0m
[0;32mI (18158) debug: LED_i: 3[0m
[0;32mI (18158) debug: LED ON[0m
[0;32mI (18488) debug: LED OFF[0m
[0;32mI (18818) debug: LED_i: 3[0m
[0;32mI (18818) debug: LED ON[0m
[0;32mI (19148) debug: LED OFF[0m
[0;32mI (19478) debug: LED_i: 3[0m
[0;32mI (19478) debug: LED ON[0m
[0;32mI (19808) debug: LED OFF[0m
[0;32mI (20138) debug: LED_i: 3[0m
[0;32mI (20138) debug: LED ON[0m
[0;32mI (20468) debug: LED OFF[0m
[0;32mI (20798) debug: LED_i: 3[0m
[0;32mI (20798) debug: LED ON[0m
[0;32mI (21128) debug: LED OFF[0m
[0;32mI (21458) debug: LED_i: 3[0m
[0;32mI (21458) debug: LED ON[0m
[0;32mI (21788) debug: LED OFF[0m
[0;32mI (22118) debug: LED_i: 3[0m
[0;32mI (22118) debug: LED ON[0m
[0;32mI (22448) debug: LED OFF[0m
[0;32mI (22778) debug: LED_i: 3[0m
[0;32mI (22778) debug: LED ON[0m
[0;32mI (23108) debug: LED OFF[0m
[0;32mI (23438) debug: LED_i: -1[0m
[0;32mI (23768) debug: LED_i: 3[0m
[0;32mI (23768) debug: LED ON[0m
[0;32mI (24098) debug: LED OFF[0m
[0;32mI (24428) debug: LED_i: 3[0m
[0;32mI (24428) debug: LED ON[0m
[0;32mI (24758) debug: LED OFF[0m
[0;32mI (25088) debug: LED_i: 3[0m
[0;32mI (25088) debug: LED ON[0m
[0;32mI (25418) debug: LED OFF[0m
[0;32mI (25748) debug: LED_i: 3[0m
[0;32mI (25748) debug: LED ON[0m
[0;32mI (26078) debug: LED OFF[0m
